// Jest Snapshot v1, https://goo.gl/fbAQLP

exports[`GifGridItem component tests should render the component correctly 1`] = `
<div
  className="card animate__animated animate__fadeIn"
>
  <img
    alt="Un Titulo"
    src="https://localhost/testPage.jpg"
  />
  <p>
    Un Titulo
  </p>
</div>
`;
