// Jest Snapshot v1, https://goo.gl/fbAQLP

exports[`InputCategory component tests should show correctly 1`] = `
<form
  onSubmit={[Function]}
>
  <input
    onChange={[Function]}
    placeholder="Search Gifs Here..."
    type="text"
    value=""
  />
</form>
`;
